// Jest Snapshot v1, https://goo.gl/fbAQLP

exports[`Footer.tsx should match snapshot 1`] = `
<div>
  <div
    class="flex flex-col md:flex-row text-center md:text-base justify-between text-xs pt-4 pb-2 px-8 md:px-0"
  >
    <span>
      Developer: 
      <span
        class="font-bold"
      >
        Matias Thompson
      </span>
    </span>
  </div>
</div>
`;
